<html>
<body>
<pre>
<h1>µVision Build Log</h1>
<h2>Project:</h2>
C:\Users\Jay\Dropbox\IS\FreeRTOSV7.3.0\FreeRTOS\Demo\CORTEX_LM3Sxxxx_IAR_Keil\RTOSDemo.uvproj
Project File Date:  03/04/2013

<h2>Output:</h2>
Rebuild target 'FreeRTOS_Demo'
compiling integer.c...
compiling main.c...
assembling startup_rvmdk.S...
compiling osram128x64x4.c...
compiling rit128x96x4.c...
compiling formike128x128x16.c...
compiling tasks.c...
compiling list.c...
compiling queue.c...
compiling port.c...
compiling heap_2.c...
linking...
Program Size: Code=13652 RO-data=7848 RW-data=196 ZI-data=26476  
User command #1: fromelf --bin --output .\rvmdk\RTOSDemo.bin .\rvmdk\RTOSDemo.axf
".\rvmdk\RTOSDemo.axf" - 0 Error(s), 0 Warning(s).
Rebuild target 'FreeRTOS_Demo'
compiling integer.c...
compiling main.c...
assembling startup_rvmdk.S...
compiling osram128x64x4.c...
compiling rit128x96x4.c...
compiling formike128x128x16.c...
compiling tasks.c...
compiling list.c...
compiling queue.c...
compiling port.c...
compiling heap_2.c...
linking...
Program Size: Code=13652 RO-data=7848 RW-data=196 ZI-data=26476  
User command #1: fromelf --bin --output .\rvmdk\RTOSDemo.bin .\rvmdk\RTOSDemo.axf
".\rvmdk\RTOSDemo.axf" - 0 Error(s), 0 Warning(s).
Rebuild target 'FreeRTOS_Demo'
compiling integer.c...
compiling main.c...
assembling startup_rvmdk.S...
compiling osram128x64x4.c...
compiling rit128x96x4.c...
compiling formike128x128x16.c...
compiling tasks.c...
compiling list.c...
compiling queue.c...
compiling port.c...
compiling heap_2.c...
linking...
Program Size: Code=13652 RO-data=7848 RW-data=196 ZI-data=26476  
User command #1: fromelf --bin --output .\rvmdk\RTOSDemo.bin .\rvmdk\RTOSDemo.axf
".\rvmdk\RTOSDemo.axf" - 0 Error(s), 0 Warning(s).
Rebuild target 'FreeRTOS_Demo'
compiling integer.c...
compiling main.c...
main.c(227): error:  #20: identifier "mainMAX_MSG_LEN" is undefined
assembling startup_rvmdk.S...
compiling osram128x64x4.c...
compiling rit128x96x4.c...
compiling formike128x128x16.c...
compiling tasks.c...
compiling list.c...
compiling queue.c...
compiling port.c...
compiling heap_2.c...
Target not created
Rebuild target 'FreeRTOS_Demo'
compiling integer.c...
compiling main.c...
assembling startup_rvmdk.S...
compiling osram128x64x4.c...
compiling rit128x96x4.c...
compiling formike128x128x16.c...
compiling tasks.c...
compiling list.c...
compiling queue.c...
compiling port.c...
compiling heap_2.c...
linking...
Program Size: Code=13652 RO-data=7848 RW-data=196 ZI-data=26476  
User command #1: fromelf --bin --output .\rvmdk\RTOSDemo.bin .\rvmdk\RTOSDemo.axf
".\rvmdk\RTOSDemo.axf" - 0 Error(s), 0 Warning(s).
Rebuild target 'FreeRTOS_Demo'
compiling integer.c...
compiling main.c...
assembling startup_rvmdk.S...
compiling osram128x64x4.c...
compiling rit128x96x4.c...
compiling formike128x128x16.c...
compiling tasks.c...
compiling list.c...
compiling queue.c...
compiling port.c...
compiling heap_2.c...
linking...
Program Size: Code=13652 RO-data=7848 RW-data=196 ZI-data=26476  
User command #1: fromelf --bin --output .\rvmdk\RTOSDemo.bin .\rvmdk\RTOSDemo.axf
".\rvmdk\RTOSDemo.axf" - 0 Error(s), 0 Warning(s).
Rebuild target 'FreeRTOS_Demo'
compiling integer.c...
compiling main.c...
assembling startup_rvmdk.S...
compiling osram128x64x4.c...
compiling rit128x96x4.c...
compiling formike128x128x16.c...
compiling tasks.c...
compiling list.c...
compiling queue.c...
compiling port.c...
compiling heap_2.c...
linking...
Program Size: Code=13652 RO-data=7848 RW-data=196 ZI-data=26476  
User command #1: fromelf --bin --output .\rvmdk\RTOSDemo.bin .\rvmdk\RTOSDemo.axf
".\rvmdk\RTOSDemo.axf" - 0 Error(s), 0 Warning(s).
Rebuild target 'FreeRTOS_Demo'
compiling integer.c...
compiling main.c...
assembling startup_rvmdk.S...
compiling osram128x64x4.c...
compiling rit128x96x4.c...
compiling formike128x128x16.c...
compiling tasks.c...
compiling list.c...
compiling queue.c...
compiling port.c...
compiling heap_2.c...
linking...
Program Size: Code=13652 RO-data=7848 RW-data=196 ZI-data=26476  
User command #1: fromelf --bin --output .\rvmdk\RTOSDemo.bin .\rvmdk\RTOSDemo.axf
".\rvmdk\RTOSDemo.axf" - 0 Error(s), 0 Warning(s).
Rebuild target 'FreeRTOS_Demo'
compiling integer.c...
compiling main.c...
assembling startup_rvmdk.S...
compiling osram128x64x4.c...
compiling rit128x96x4.c...
compiling formike128x128x16.c...
compiling tasks.c...
compiling list.c...
compiling queue.c...
compiling port.c...
compiling heap_2.c...
linking...
Program Size: Code=13652 RO-data=7848 RW-data=196 ZI-data=26476  
User command #1: fromelf --bin --output .\rvmdk\RTOSDemo.bin .\rvmdk\RTOSDemo.axf
".\rvmdk\RTOSDemo.axf" - 0 Error(s), 0 Warning(s).
Rebuild target 'FreeRTOS_Demo'
compiling integer.c...
compiling main.c...
assembling startup_rvmdk.S...
compiling osram128x64x4.c...
compiling rit128x96x4.c...
compiling formike128x128x16.c...
compiling tasks.c...
compiling list.c...
compiling queue.c...
compiling port.c...
compiling heap_2.c...
linking...
Program Size: Code=13652 RO-data=7848 RW-data=196 ZI-data=26476  
User command #1: fromelf --bin --output .\rvmdk\RTOSDemo.bin .\rvmdk\RTOSDemo.axf
".\rvmdk\RTOSDemo.axf" - 0 Error(s), 0 Warning(s).
Build target 'FreeRTOS_Demo'
compiling main.c...
linking...
Program Size: Code=13652 RO-data=7848 RW-data=196 ZI-data=26476  
User command #1: fromelf --bin --output .\rvmdk\RTOSDemo.bin .\rvmdk\RTOSDemo.axf
".\rvmdk\RTOSDemo.axf" - 0 Error(s), 0 Warning(s).
Rebuild target 'FreeRTOS_Demo'
compiling integer.c...
compiling main.c...
assembling startup_rvmdk.S...
compiling osram128x64x4.c...
compiling rit128x96x4.c...
compiling formike128x128x16.c...
compiling tasks.c...
compiling list.c...
compiling queue.c...
compiling port.c...
compiling heap_2.c...
linking...
Program Size: Code=13652 RO-data=7848 RW-data=196 ZI-data=26476  
User command #1: fromelf --bin --output .\rvmdk\RTOSDemo.bin .\rvmdk\RTOSDemo.axf
".\rvmdk\RTOSDemo.axf" - 0 Error(s), 0 Warning(s).
Rebuild target 'FreeRTOS_Demo'
compiling integer.c...
compiling main.c...
assembling startup_rvmdk.S...
compiling osram128x64x4.c...
compiling rit128x96x4.c...
compiling formike128x128x16.c...
compiling tasks.c...
compiling list.c...
compiling queue.c...
compiling port.c...
compiling heap_2.c...
linking...
Program Size: Code=13652 RO-data=7848 RW-data=196 ZI-data=26476  
User command #1: fromelf --bin --output .\rvmdk\RTOSDemo.bin .\rvmdk\RTOSDemo.axf
".\rvmdk\RTOSDemo.axf" - 0 Error(s), 0 Warning(s).
Rebuild target 'FreeRTOS_Demo'
compiling integer.c...
compiling main.c...
assembling startup_rvmdk.S...
compiling osram128x64x4.c...
compiling rit128x96x4.c...
compiling formike128x128x16.c...
compiling tasks.c...
compiling list.c...
compiling queue.c...
compiling port.c...
compiling heap_2.c...
linking...
Program Size: Code=13652 RO-data=7848 RW-data=192 ZI-data=26480  
User command #1: fromelf --bin --output .\rvmdk\RTOSDemo.bin .\rvmdk\RTOSDemo.axf
".\rvmdk\RTOSDemo.axf" - 0 Error(s), 0 Warning(s).
Rebuild target 'FreeRTOS_Demo'
compiling integer.c...
compiling main.c...
assembling startup_rvmdk.S...
compiling osram128x64x4.c...
compiling rit128x96x4.c...
compiling formike128x128x16.c...
compiling tasks.c...
compiling list.c...
compiling queue.c...
compiling port.c...
compiling heap_2.c...
linking...
Program Size: Code=13652 RO-data=7848 RW-data=192 ZI-data=26480  
User command #1: fromelf --bin --output .\rvmdk\RTOSDemo.bin .\rvmdk\RTOSDemo.axf
".\rvmdk\RTOSDemo.axf" - 0 Error(s), 0 Warning(s).
Rebuild target 'FreeRTOS_Demo'
compiling integer.c...
compiling main.c...
assembling startup_rvmdk.S...
compiling osram128x64x4.c...
compiling rit128x96x4.c...
compiling formike128x128x16.c...
compiling tasks.c...
compiling list.c...
compiling queue.c...
compiling port.c...
compiling heap_2.c...
linking...
Program Size: Code=13616 RO-data=7848 RW-data=192 ZI-data=26480  
User command #1: fromelf --bin --output .\rvmdk\RTOSDemo.bin .\rvmdk\RTOSDemo.axf
".\rvmdk\RTOSDemo.axf" - 0 Error(s), 0 Warning(s).
Load "C:\\Users\\Jay\\Dropbox\\IS\\FreeRTOSV7.3.0\\FreeRTOS\\Demo\\CORTEX_LM3Sxxxx_IAR_Keil\\rvmdk\\RTOSDemo.AXF" 
Connecting: Mode=JTAG, Speed=1000000Hz
Erase Done.
Programming Done.
Verify OK.
Rebuild target 'FreeRTOS_Demo'
compiling integer.c...
compiling main.c...
assembling startup_rvmdk.S...
compiling osram128x64x4.c...
compiling rit128x96x4.c...
compiling formike128x128x16.c...
compiling tasks.c...
compiling list.c...
compiling queue.c...
compiling port.c...
compiling heap_2.c...
linking...
Program Size: Code=13616 RO-data=7848 RW-data=192 ZI-data=26480  
User command #1: fromelf --bin --output .\rvmdk\RTOSDemo.bin .\rvmdk\RTOSDemo.axf
".\rvmdk\RTOSDemo.axf" - 0 Error(s), 0 Warning(s).
Rebuild target 'FreeRTOS_Demo'
compiling integer.c...
compiling main.c...
assembling startup_rvmdk.S...
compiling osram128x64x4.c...
compiling rit128x96x4.c...
compiling formike128x128x16.c...
compiling tasks.c...
compiling list.c...
compiling queue.c...
compiling port.c...
compiling heap_2.c...
linking...
Program Size: Code=13616 RO-data=7848 RW-data=192 ZI-data=26480  
User command #1: fromelf --bin --output .\rvmdk\RTOSDemo.bin .\rvmdk\RTOSDemo.axf
".\rvmdk\RTOSDemo.axf" - 0 Error(s), 0 Warning(s).
Load "C:\\Users\\Jay\\Dropbox\\IS\\FreeRTOSV7.3.0\\FreeRTOS\\Demo\\CORTEX_LM3Sxxxx_IAR_Keil\\rvmdk\\RTOSDemo.AXF" 
Connecting: Mode=JTAG, Speed=1000000Hz
Erase Done.
Programming Done.
Verify OK.
