ARM Linker, 4.1 [Build 894] [Evaluation]

==============================================================================

Image component sizes


      Code (inc. data)   RO Data    RW Data    ZI Data      Debug   Object Name

      1540         78         48          0         28      10594   formike128x128x16.o
       280         28          0         24      24000       3411   heap_2.o
      1008        166          0         36          0      20170   integer.o
       152          0          0          0          0       2914   list.o
       604        168       4946         12         25      19190   main.o
       824         92        571         25          0       5996   osram128x64x4.o
       330         46          0          4          0       4416   port.o
      1094          0          0          0          0       8901   queue.o
       952        118        571         25          0       6440   rit128x96x4.o
       264        244          0          0       2048        480   startup_rvmdk.o
      2144        310         20         60        244      17954   tasks.o

    ----------------------------------------------------------------------
      9206       1250       6192        192      26352     100466   Object Totals
         0          0         32          0          0          0   (incl. Generated)
        14          0          4          6          7          0   (incl. Padding)

    ----------------------------------------------------------------------

      Code (inc. data)   RO Data    RW Data    ZI Data      Debug   Library Member Name

         8          0          0          0          0         68   __main.o
       106          0          0          0          0         84   __printf.o
        52          8          0          0          0          0   __scatter.o
        26          0          0          0          0          0   __scatter_copy.o
        28          0          0          0          0          0   __scatter_zi.o
        44          0          0          0          0        108   _printf_char.o
        48          6          0          0          0         96   _printf_char_common.o
         0          0          0          0          0          0   _printf_percent.o
         4          0          0          0          0          0   _printf_percent_end.o
         6          0          0          0          0          0   _printf_s.o
        82          0          0          0          0         80   _printf_str.o
        10          0          0          0          0         68   _sputc.o
        16          0          0          0          0         68   aeabi_memset.o
        12          0          0          0          0         72   exit.o
         6          0          0          0          0        152   heapauxi.o
         0          0          0          0          0          0   indicate_semi.o
         6          0          0          0          0          0   libinit.o
         2          0          0          0          0          0   libinit2.o
         2          0          0          0          0          0   libshutdown.o
         2          0          0          0          0          0   libshutdown2.o
         8          4          0          0         96         68   libspace.o
        88          0          0          0          0         76   memcmp.o
        40          6          0          0          0         84   noretval__2sprintf.o
         8          4          0          0          0         68   rt_fp_status_addr_intlibspace.o
        68          0          0          0          0         68   rt_memclr.o
        78          0          0          0          0         80   rt_memclr_w.o
       138          0          0          0          0         68   rt_memcpy_v6.o
       100          0          0          0          0         80   rt_memcpy_w.o
         0          0          0          0          0          0   rtentry.o
        12          0          0          0          0          0   rtentry2.o
         6          0          0          0          0          0   rtentry4.o
         2          0          0          0          0          0   rtexit.o
        10          0          0          0          0          0   rtexit2.o
        62          0          0          0          0         76   strlen.o
        86          0          0          0          0         76   strncpy.o
        12          4          0          0          0         68   sys_exit.o
        74          0          0          0          0         80   sys_stackheap_outer.o
         2          0          0          0          0         68   use_no_semi.o
       306          0          0          0          0       7622   gpio.o
       104          0          0          0          0        641   interrupt.o
       138          0          0          0          0       3529   ssi.o
       690         70        156          0          0       4940   sysctl.o
        72          0          0          0          0       2700   timer.o
       102          0          0          0          0       1711   uart.o
        14          0          0          0          0         76   fpinit.o
        32          0          0          0          0      14114   context.o
         0          0       1500          0          0      14171   fontcmss12.o
       744          6          0          0         32      16318   image.o
        88          0          0          0          0       1366   line.o
       172          0          0          0          0        920   rectangle.o
       678          0          0          0          0       1899   string.o

    ----------------------------------------------------------------------
      4410        108       1656          0        128      71763   Library Totals
        16          0          0          0          0          0   (incl. Padding)

    ----------------------------------------------------------------------

      Code (inc. data)   RO Data    RW Data    ZI Data      Debug   Library Name

      1254         32          0          0         96       1756   c_w.l
      1412         70        156          0          0      21143   driverlib.lib
        14          0          0          0          0         76   fz_ws.l
      1714          6       1500          0         32      48788   grlib.lib

    ----------------------------------------------------------------------
      4410        108       1656          0        128      71763   Library Totals

    ----------------------------------------------------------------------

==============================================================================


      Code (inc. data)   RO Data    RW Data    ZI Data      Debug   

     13616       1358       7848        192      26480     165209   Grand Totals
     13616       1358       7848        192      26480     165209   ELF Image Totals
     13616       1358       7848        192          0          0   ROM Totals

==============================================================================

    Total RO  Size (Code + RO Data)                21464 (  20.96kB)
    Total RW  Size (RW Data + ZI Data)             26672 (  26.05kB)
    Total ROM Size (Code + RO Data + RW Data)      21656 (  21.15kB)

==============================================================================

